Component: ARM Compiler 5.06 update 5 (build 528) Tool: armlink [4d35e2]

==============================================================================

Section Cross References

    main.o(RESET) refers to main.o(STACK) for __initial_sp
    main.o(RESET) refers to main.o(.text) for Reset_Handler
    main.o(.text) refers to system_stm32f10x.o(i.SystemInit) for SystemInit
    system_stm32f10x.o(i.SetSysClock) refers to system_stm32f10x.o(i.SetSysClockTo72) for SetSysClockTo72
    system_stm32f10x.o(i.SystemCoreClockUpdate) refers to system_stm32f10x.o(.data) for SystemCoreClock
    system_stm32f10x.o(i.SystemInit) refers to system_stm32f10x.o(i.SetSysClock) for SetSysClock


==============================================================================

Removing Unused input sections from the image.

    Removing main.o(HEAP), (512 bytes).
    Removing system_stm32f10x.o(.rev16_text), (4 bytes).
    Removing system_stm32f10x.o(.revsh_text), (4 bytes).
    Removing system_stm32f10x.o(.rrx_text), (6 bytes).
    Removing system_stm32f10x.o(i.SystemCoreClockUpdate), (164 bytes).
    Removing system_stm32f10x.o(.data), (20 bytes).

6 unused section(s) (total 710 bytes) removed from the image.

==============================================================================

Image Symbol Table

    Local Symbols

    Symbol Name                              Value     Ov Type        Size  Object(Section)

    RTE\Device\STM32F103C8\startup_stm32f10x_md.s 0x00000000   Number         0  startup_stm32f10x_md.o ABSOLUTE
    RTE\Device\STM32F103C8\system_stm32f10x.c 0x00000000   Number         0  system_stm32f10x.o ABSOLUTE
    RTE\\Device\\STM32F103C8\\system_stm32f10x.c 0x00000000   Number         0  system_stm32f10x.o ABSOLUTE
    RTE\_stm32\_main.s                       0x00000000   Number         0  _main.o ABSOLUTE
    main.s                                   0x00000000   Number         0  main.o ABSOLUTE
    RESET                                    0x08000000   Section        8  main.o(RESET)
    .text                                    0x08000008   Section       56  main.o(.text)
    i.SetSysClock                            0x08000040   Section        0  system_stm32f10x.o(i.SetSysClock)
    SetSysClock                              0x08000041   Thumb Code     8  system_stm32f10x.o(i.SetSysClock)
    i.SetSysClockTo72                        0x08000048   Section        0  system_stm32f10x.o(i.SetSysClockTo72)
    SetSysClockTo72                          0x08000049   Thumb Code   214  system_stm32f10x.o(i.SetSysClockTo72)
    i.SystemInit                             0x08000128   Section        0  system_stm32f10x.o(i.SystemInit)
    STACK                                    0x20000000   Section     1024  main.o(STACK)
    __initial_sp                             0x20000400   Data           0  main.o(STACK)

    Global Symbols

    Symbol Name                              Value     Ov Type        Size  Object(Section)

    BuildAttributes$$THM_ISAv4$P$D$K$B$S$PE$A:L22UL41UL21$X:L11$S22US41US21$IEEE1$IW$USESV6$~STKCKD$USESV7$~SHL$OSPACE$EBA8$STANDARDLIB$REQ8$PRES8$EABIv2 0x00000000   Number         0  anon$$obj.o ABSOLUTE
    __Vectors                                0x08000000   Data           0  main.o(RESET)
    Reset_Handler                            0x08000009   Thumb Code     0  main.o(.text)
    SystemInit                               0x08000129   Thumb Code    78  system_stm32f10x.o(i.SystemInit)



==============================================================================

Memory Map of the image

  Image Entry point : 0x08000009

  Load Region LR_1 (Base: 0x08000000, Size: 0x00000188, Max: 0xffffffff, ABSOLUTE)

    Execution Region ER_RO (Exec base: 0x08000000, Load base: 0x08000000, Size: 0x00000188, Max: 0xffffffff, ABSOLUTE)

    Exec Addr    Load Addr    Size         Type   Attr      Idx    E Section Name        Object

    0x08000000   0x08000000   0x00000008   Data   RO            1    RESET               main.o
    0x08000008   0x08000008   0x00000038   Code   RO            4  * .text               main.o
    0x08000040   0x08000040   0x00000008   Code   RO           12    i.SetSysClock       system_stm32f10x.o
    0x08000048   0x08000048   0x000000e0   Code   RO           13    i.SetSysClockTo72   system_stm32f10x.o
    0x08000128   0x08000128   0x00000060   Code   RO           15    i.SystemInit        system_stm32f10x.o


    Execution Region ER_RW (Exec base: 0x20000000, Load base: 0x08000188, Size: 0x00000000, Max: 0xffffffff, ABSOLUTE)

    **** No section assigned to this execution region ****


    Execution Region ER_ZI (Exec base: 0x20000000, Load base: 0x08000188, Size: 0x00000400, Max: 0xffffffff, ABSOLUTE)

    Exec Addr    Load Addr    Size         Type   Attr      Idx    E Section Name        Object

    0x20000000        -       0x00000400   Zero   RW            2    STACK               main.o


==============================================================================

Image component sizes


      Code (inc. data)   RO Data    RW Data    ZI Data      Debug   Object Name

        56         22          8          0       1024        244   main.o
       328         28          0          0          0       6437   system_stm32f10x.o

    ----------------------------------------------------------------------
       384         50          8          0       1024       6681   Object Totals
         0          0          0          0          0          0   (incl. Generated)
         0          0          0          0          0          0   (incl. Padding)

    ----------------------------------------------------------------------
         0          0          0          0          0          0   Library Totals
         0          0          0          0          0          0   (incl. Padding)

    ----------------------------------------------------------------------

==============================================================================


      Code (inc. data)   RO Data    RW Data    ZI Data      Debug   

       384         50          8          0       1024       6577   Grand Totals
       384         50          8          0       1024       6577   ELF Image Totals
       384         50          8          0          0          0   ROM Totals

==============================================================================

    Total RO  Size (Code + RO Data)                  392 (   0.38kB)
    Total RW  Size (RW Data + ZI Data)              1024 (   1.00kB)
    Total ROM Size (Code + RO Data + RW Data)        392 (   0.38kB)

==============================================================================

